c:\users\naots\documents\originalgame\lab_project_01\lab_project_01\x64\debug\vc143.pdb
c:\users\naots\documents\originalgame\lab_project_01\lab_project_01\x64\debug\vc143.idb
c:\users\naots\documents\originalgame\lab_project_01\lab_project_01\x64\debug\imgui_impl_dx11.obj
c:\users\naots\documents\originalgame\lab_project_01\lab_project_01\x64\debug\imgui_impl_win32.obj
c:\users\naots\documents\originalgame\lab_project_01\lab_project_01\x64\debug\imgui_widgets.obj
c:\users\naots\documents\originalgame\lab_project_01\lab_project_01\x64\debug\imgui_tables.obj
c:\users\naots\documents\originalgame\lab_project_01\lab_project_01\x64\debug\imgui_draw.obj
c:\users\naots\documents\originalgame\lab_project_01\lab_project_01\x64\debug\imgui.obj
c:\users\naots\documents\originalgame\lab_project_01\lab_project_01\x64\debug\drawpixel.obj
c:\users\naots\documents\originalgame\lab_project_01\x64\debug\lab_project_01.exe
c:\users\naots\documents\originalgame\lab_project_01\x64\debug\lab_project_01.pdb
c:\users\naots\documents\originalgame\lab_project_01\lab_project_01\x64\debug\lab_project_01.ilk
c:\users\naots\documents\originalgame\lab_project_01\lab_project_01\x64\debug\lab_project_01.tlog\cl.command.1.tlog
c:\users\naots\documents\originalgame\lab_project_01\lab_project_01\x64\debug\lab_project_01.tlog\cl.items.tlog
c:\users\naots\documents\originalgame\lab_project_01\lab_project_01\x64\debug\lab_project_01.tlog\cl.read.1.tlog
c:\users\naots\documents\originalgame\lab_project_01\lab_project_01\x64\debug\lab_project_01.tlog\cl.write.1.tlog
c:\users\naots\documents\originalgame\lab_project_01\lab_project_01\x64\debug\lab_project_01.tlog\link.command.1.tlog
c:\users\naots\documents\originalgame\lab_project_01\lab_project_01\x64\debug\lab_project_01.tlog\link.read.1.tlog
c:\users\naots\documents\originalgame\lab_project_01\lab_project_01\x64\debug\lab_project_01.tlog\link.secondary.1.tlog
c:\users\naots\documents\originalgame\lab_project_01\lab_project_01\x64\debug\lab_project_01.tlog\link.write.1.tlog
